2026-05-26T03:57:59.185663Z loading external env
2026-05-26T03:57:59.188356Z external env loaded
2026-05-26T03:58:02.243767Z direct checks written
2026-05-26T03:58:04.793282Z web auth flow written
2026-05-26T03:58:05.678382Z sandbox reset written
2026-05-26T03:58:05.843986Z source-assisted proof written
2026-05-26T03:58:05.844086Z starting case thomas-arizona-k12
2026-05-26T03:58:06.012504Z case thomas-arizona-k12 written
2026-05-26T03:58:06.013143Z timed query-to-export written
2026-05-26T03:58:06.013235Z starting case lee-commodity-buyers
2026-05-26T03:58:06.199838Z case lee-commodity-buyers written
2026-05-26T03:58:06.206208Z starting case healthcare-it-phoenix
2026-05-26T03:58:06.385075Z case healthcare-it-phoenix written
2026-05-26T03:58:06.385260Z starting case finance-cisos-new-york
2026-05-26T03:58:06.554352Z case finance-cisos-new-york written
2026-05-26T03:58:06.554502Z starting case manufacturing-ops-detroit
2026-05-26T03:58:06.726250Z case manufacturing-ops-detroit written
2026-05-26T03:58:06.728572Z starting case privacy-reject-homeowner-phones
2026-05-26T03:58:06.911043Z case privacy-reject-homeowner-phones written
2026-05-26T03:58:06.925461Z quality summary written
2026-05-26T03:58:06.926441Z decision inputs written
2026-05-26T03:58:58.039832Z loading external env
2026-05-26T03:58:58.040539Z external env loaded
2026-05-26T03:59:00.686793Z direct checks written
2026-05-26T03:59:02.304135Z web auth flow written
2026-05-26T03:59:04.827223Z sandbox reset written
2026-05-26T03:59:05.310305Z source-assisted proof written
2026-05-26T03:59:05.310724Z starting case thomas-arizona-k12
2026-05-26T04:00:30.172214Z case thomas-arizona-k12 written
2026-05-26T04:00:30.173427Z timed query-to-export written
2026-05-26T04:00:30.173544Z starting case lee-commodity-buyers
2026-05-26T04:00:31.188833Z case lee-commodity-buyers written
2026-05-26T04:00:31.189049Z starting case healthcare-it-phoenix
2026-05-26T04:00:32.078487Z case healthcare-it-phoenix written
2026-05-26T04:00:32.078563Z starting case finance-cisos-new-york
2026-05-26T04:00:32.936266Z case finance-cisos-new-york written
2026-05-26T04:00:32.936329Z starting case manufacturing-ops-detroit
2026-05-26T04:00:33.777120Z case manufacturing-ops-detroit written
2026-05-26T04:00:33.777244Z starting case privacy-reject-homeowner-phones
2026-05-26T04:00:34.127977Z case privacy-reject-homeowner-phones written
2026-05-26T04:00:34.137649Z quality summary written
2026-05-26T04:00:34.138782Z decision inputs written
